=== delivery documentation revision integrated-state checks (2026-08-18) ===
HEAD=72ffa7de0bcf1673f668a80b6be8fc95a489aadd
origin/main=8eb45df64416f51db524bba995c291721081f51b
merge_parents=99500c4bedd6a79fd9bbadf501982a322dc2bfe6 8eb45df64416f51db524bba995c291721081f51b
origin_main_is_ancestor=yes
$ BROWSER_AUTOMATION_REAL_TESTS=1 uv --directory browser-automation run --frozen --extra test python -m pytest -o addopts= tests/unit/test_runtime.py tests/unit/test_cli_and_mcp.py tests/integration/test_skill_contract.py tests/integration/test_runtime_real_chrome.py -q
......................................................                   [100%]
54 passed in 11.60s
$ uv --directory browser-automation run --frozen --extra test python -m pytest -o addopts= -q
ssss.s.ss.s............................................................. [ 66%]
.....................................                                    [100%]
101 passed, 8 skipped in 26.37s
$ uv --directory browser-automation run --frozen python -m compileall -q src
$ bash browser-automation/scripts/browser --help >/dev/null
$ python3 durable-guide contract/link validation
guide requirements and local links: pass
$ git diff --check
$ active removed-name/path/dependency scan
no active removed identity/dependency references found
upstream authoritative current evidence (not rerun in delivery): API-REV-004 integration 13/13; full 109/109; Linux 33 passed / 1 deselected; CRR-010 pass
$ final git diff --cached --check after DR-004 guide/delivery artifact refresh and staging
passed

=== repository finalization authorization (2026-09-02) ===
user_verification=received (`verified lets finalize`)
finalization_fetch=passed
origin/main=8eb45df64416f51db524bba995c291721081f51b
verified_base_unchanged=yes
renewed_verification_required=no
$ git diff --check && git diff --cached --check before final ticket commit
passed

=== post-main-merge verification (2026-09-02) ===
ticket_commit=c123f449e19d415fa70c7b4941b57f3fa4984f9c
main_merge=596d07c03615b1b94069f35a488bffafe015937a
origin/main=596d07c03615b1b94069f35a488bffafe015937a
$ BROWSER_AUTOMATION_REAL_TESTS=1 uv --directory browser-automation run --frozen --extra test python -m pytest -o addopts= tests/unit/test_runtime.py tests/unit/test_cli_and_mcp.py tests/integration/test_skill_contract.py tests/integration/test_runtime_real_chrome.py -q
Using CPython 3.13.12
Creating virtual environment at: .venv
   Building browser-automation @ file:///Users/normy/autobyteus_org/autobyteus_mcps/browser-automation
      Built browser-automation @ file:///Users/normy/autobyteus_org/autobyteus_mcps/browser-automation
Installed 45 packages in 75ms
......................................................                   [100%]
54 passed in 14.93s
$ uv --directory browser-automation run --frozen --extra test python -m pytest -o addopts= -q
ssss.s.ss.s............................................................. [ 66%]
.....................................                                    [100%]
101 passed, 8 skipped in 23.57s
$ uv --directory browser-automation run --frozen python -m compileall -q src
passed
$ bash browser-automation/scripts/browser --help >/dev/null
passed
$ durable-guide contract/link validation on main
passed
$ git diff --check after post-main-merge evidence append
passed

=== repository cleanup and completion record (2026-09-02) ===
worktree_removed=yes
worktree_pruned=yes
local_ticket_branch_removed=yes
remote_ticket_branch_removed=yes
release_publication_deployment=not_applicable
final_delivery_revision=DR-006
