{
  "chrome_executable": "/Applications/Google Chrome.app/Contents/MacOS/Google Chrome",
  "cleanup": {
    "temporary_root_removed_by_context": true
  },
  "failed_exact_group_cleanup": {
    "cli_exit": 3,
    "error_code": "BROWSER_UNAVAILABLE",
    "failed_owned_group_dead_before_cli_return": true,
    "stdout_single_strict_envelope": true,
    "unrelated_chrome_alive": true,
    "unrelated_chrome_group_distinct": true,
    "unrelated_chrome_reachable": true
  },
  "platform": "darwin",
  "prem004_promotion_interleaving": {
    "chrome_alive_before_harness_cleanup": true,
    "endpoint_ready_while_pending": true,
    "later_cli_process_succeeded": true,
    "one_product_owned_group": true,
    "owner_exit": 0,
    "pending_abort_authority": true,
    "pending_state": "PENDING_OWNED",
    "waiter_blocked_while_pending": true,
    "waiter_connected_after_promote": true,
    "waiter_exit": 0,
    "waiter_stdout_empty_while_pending": true
  },
  "python": "3.13.12",
  "schema": "browser-automation-owned-runtime-process-boundary-v1"
}
